// Vitest Snapshot v1, https://vitest.dev/guide/snapshot.html

exports[`<App> > matches snapshot 1`] = `
<div>
  <div
    class="MuiBox-root css-k6ke0i"
  >
    <button
      class="MuiButtonBase-root MuiButton-root MuiButton-contained MuiButton-containedPrimary MuiButton-sizeMedium MuiButton-containedSizeMedium MuiButton-colorPrimary MuiButton-root MuiButton-contained MuiButton-containedPrimary MuiButton-sizeMedium MuiButton-containedSizeMedium MuiButton-colorPrimary css-sctp6o-MuiButtonBase-root-MuiButton-root"
      tabindex="0"
      type="button"
    >
      addEntry.button
    </button>
    <div
      class="MuiDataGrid-root MuiDataGrid-root--densityStandard MuiDataGrid-withBorderColor MuiDataGridVariables-3851315942 css-10mzhy7-MuiDataGrid-root"
      style="--DataGrid-hasScrollX: 1; --DataGrid-hasScrollY: 0; --DataGrid-scrollbarSize: 0px; --DataGrid-rowWidth: 50px; --DataGrid-columnsTotalWidth: 50px; --DataGrid-leftPinnedWidth: 0px; --DataGrid-rightPinnedWidth: 0px; --DataGrid-headerHeight: 56px; --DataGrid-headersTotalHeight: 56px; --DataGrid-topContainerHeight: 56px; --DataGrid-bottomContainerHeight: 0px; --height: 52px;"
    >
      <div
        class="MuiDataGrid-mainContent"
        role="presentation"
      >
        <div
          aria-colcount="1"
          aria-multiselectable="true"
          aria-rowcount="1"
          class="MuiDataGrid-main css-1bgckiu-MuiDataGrid-main"
          role="grid"
          tabindex="-1"
        >
          <div
            class="css-18l11qw"
            data-id="gridPanelAnchor"
            role="presentation"
          />
          <div
            class="MuiDataGrid-virtualScroller MuiDataGrid-virtualScroller--hasScrollX css-1vigakz-MuiDataGrid-virtualScroller"
            role="presentation"
            style="overflow-x: hidden;"
          >
            <div
              class="MuiDataGrid-topContainer MuiDataGrid-container--top css-b1wygl"
              role="presentation"
            >
              <div
                class="MuiDataGrid-columnHeaders css-1gtv474-MuiDataGrid-columnHeaders"
                role="presentation"
              >
                <div
                  aria-rowindex="1"
                  class="MuiDataGrid-row--borderBottom css-yseucu-MuiDataGrid-columnHeaderRow"
                  role="row"
                  style="height: 56px;"
                >
                  <div
                    role="presentation"
                    style="width: 0px;"
                  />
                  <div
                    aria-colindex="1"
                    aria-sort="none"
                    class="MuiDataGrid-columnHeader MuiDataGrid-columnHeader--alignCenter MuiDataGrid-withBorderColor MuiDataGrid-columnHeader--lastUnpinned MuiDataGrid-columnHeaderCheckbox MuiDataGrid-columnHeader--last"
                    data-field="__check__"
                    role="columnheader"
                    style="width: 50px;"
                    tabindex="0"
                  >
                    <div
                      class="MuiDataGrid-columnHeaderDraggableContainer"
                      draggable="false"
                      role="presentation"
                    >
                      <div
                        class="MuiDataGrid-columnHeaderTitleContainer"
                        role="presentation"
                      >
                        <div
                          class="MuiDataGrid-columnHeaderTitleContainerContent"
                        >
                          <span
                            class="MuiButtonBase-root MuiCheckbox-root MuiCheckbox-colorPrimary MuiCheckbox-sizeMedium PrivateSwitchBase-root MuiCheckbox-root MuiCheckbox-colorPrimary MuiCheckbox-sizeMedium MuiCheckbox-root MuiCheckbox-colorPrimary MuiCheckbox-sizeMedium MuiDataGrid-checkboxInput css-2rjb2j-MuiButtonBase-root-MuiSwitchBase-root-MuiCheckbox-root"
                          >
                            <input
                              aria-label="Select all rows"
                              class="PrivateSwitchBase-input css-12xagqm-MuiSwitchBase-root"
                              data-indeterminate="false"
                              name="select_all_rows"
                              tabindex="-1"
                              type="checkbox"
                            />
                            <svg
                              aria-hidden="true"
                              class="MuiSvgIcon-root MuiSvgIcon-fontSizeMedium css-1umw9bq-MuiSvgIcon-root"
                              data-testid="CheckBoxOutlineBlankIcon"
                              focusable="false"
                              viewBox="0 0 24 24"
                            >
                              <path
                                d="M19 5v14H5V5h14m0-2H5c-1.1 0-2 .9-2 2v14c0 1.1.9 2 2 2h14c1.1 0 2-.9 2-2V5c0-1.1-.9-2-2-2z"
                              />
                            </svg>
                          </span>
                        </div>
                      </div>
                    </div>
                    <div
                      class="MuiDataGrid-columnSeparator MuiDataGrid-columnSeparator--sideRight"
                      style="min-height: 56px;"
                    >
                      <svg
                        aria-hidden="true"
                        class="MuiSvgIcon-root MuiSvgIcon-fontSizeMedium MuiDataGrid-iconSeparator css-1umw9bq-MuiSvgIcon-root"
                        data-testid="SeparatorIcon"
                        focusable="false"
                        viewBox="0 0 24 24"
                      >
                        <rect
                          height="24"
                          rx="0.5"
                          width="1"
                          x="11.5"
                        />
                      </svg>
                    </div>
                  </div>
                  <div
                    class="MuiDataGrid-filler"
                    role="presentation"
                  />
                  <div
                    class="MuiDataGrid-scrollbarFiller MuiDataGrid-scrollbarFiller--header"
                    role="presentation"
                  />
                </div>
              </div>
            </div>
            <div
              class="MuiDataGrid-overlayWrapper css-107ft6p-MuiDataGrid-overlayWrapper"
            >
              <div
                class="MuiDataGrid-overlayWrapperInner css-1mbsuzk-MuiDataGrid-overlayWrapperInner"
                style="height: var(--DataGrid-overlayHeight, calc(var(--height) * 2)); width: 0px;"
              >
                <div
                  class="MuiDataGrid-overlay css-w16tsr-MuiDataGrid-overlay"
                >
                  No rows
                </div>
              </div>
            </div>
            <div
              class="MuiDataGrid-virtualScrollerContent css-aymtem-MuiDataGrid-virtualScrollerContent"
              role="presentation"
              style="width: auto; flex-basis: var(--DataGrid-overlayHeight, calc(var(--height) * 2)); flex-shrink: 0;"
            >
              <div
                class="MuiDataGrid-virtualScrollerRenderZone css-11dqcl8-MuiDataGrid-virtualScrollerRenderZone"
                role="rowgroup"
                style="transform: translate3d(0, 0px, 0);"
              />
            </div>
            <div
              class="MuiDataGrid-bottomContainer MuiDataGrid-container--bottom css-gzxaox"
              role="presentation"
            />
          </div>
          <div
            aria-hidden="true"
            class="MuiDataGrid-scrollbar MuiDataGrid-scrollbar--horizontal css-2n9dey"
            tabindex="-1"
          >
            <div
              class="MuiDataGrid-scrollbarContent"
            />
          </div>
        </div>
        <div
          class="MuiDataGrid-footerContainer MuiDataGrid-withBorderColor css-15lx25q-MuiDataGrid-footerContainer"
        >
          <div />
          <div
            class="MuiTablePagination-root css-y1ejz4-MuiTablePagination-root"
          >
            <div
              class="MuiToolbar-root MuiToolbar-gutters MuiToolbar-regular MuiTablePagination-toolbar css-1gak8h1-MuiToolbar-root-MuiTablePagination-toolbar"
            >
              <div
                class="MuiTablePagination-spacer css-1wtxofq-MuiTablePagination-spacer"
              />
              <p
                class="MuiTablePagination-selectLabel css-s09cke-MuiTablePagination-selectLabel"
                id="«ra»"
              >
                Rows per page:
              </p>
              <div
                class="MuiInputBase-root MuiInputBase-colorPrimary MuiTablePagination-select MuiSelect-root MuiTablePagination-input css-oegngy-MuiInputBase-root-MuiTablePagination-select"
              >
                <div
                  aria-expanded="false"
                  aria-haspopup="listbox"
                  aria-labelledby="«ra» «r9»"
                  class="MuiSelect-select MuiTablePagination-select MuiSelect-standard MuiInputBase-input css-18zjd9i-MuiNativeSelect-root-MuiSelect-select-MuiInputBase-input"
                  id="«r9»"
                  role="combobox"
                  tabindex="0"
                >
                  100
                </div>
                <input
                  aria-hidden="true"
                  aria-invalid="false"
                  class="MuiSelect-nativeInput css-j0riat-MuiSelect-nativeInput"
                  tabindex="-1"
                  value="100"
                />
                <svg
                  aria-hidden="true"
                  class="MuiSvgIcon-root MuiSvgIcon-fontSizeMedium MuiSelect-icon MuiTablePagination-selectIcon MuiSelect-iconStandard css-ug7h84-MuiSvgIcon-root-MuiNativeSelect-root-MuiSelect-icon"
                  data-testid="ArrowDropDownIcon"
                  focusable="false"
                  viewBox="0 0 24 24"
                >
                  <path
                    d="M7 10l5 5 5-5z"
                  />
                </svg>
              </div>
              <p
                class="MuiTablePagination-displayedRows css-11cfq65-MuiTablePagination-displayedRows"
              >
                0–0 of 0
              </p>
              <div
                class="MuiTablePaginationActions-root MuiTablePagination-actions css-sjsoon-MuiTablePaginationActions-root"
              >
                <button
                  aria-label="Go to previous page"
                  class="MuiButtonBase-root Mui-disabled MuiIconButton-root Mui-disabled MuiIconButton-colorInherit MuiIconButton-sizeMedium css-h7cjts-MuiButtonBase-root-MuiIconButton-root"
                  disabled=""
                  tabindex="-1"
                  title="Go to previous page"
                  type="button"
                >
                  <svg
                    aria-hidden="true"
                    class="MuiSvgIcon-root MuiSvgIcon-fontSizeMedium css-1umw9bq-MuiSvgIcon-root"
                    data-testid="KeyboardArrowLeftIcon"
                    focusable="false"
                    viewBox="0 0 24 24"
                  >
                    <path
                      d="M15.41 16.09l-4.58-4.59 4.58-4.59L14 5.5l-6 6 6 6z"
                    />
                  </svg>
                </button>
                <button
                  aria-label="Go to next page"
                  class="MuiButtonBase-root Mui-disabled MuiIconButton-root Mui-disabled MuiIconButton-colorInherit MuiIconButton-sizeMedium css-h7cjts-MuiButtonBase-root-MuiIconButton-root"
                  disabled=""
                  tabindex="-1"
                  title="Go to next page"
                  type="button"
                >
                  <svg
                    aria-hidden="true"
                    class="MuiSvgIcon-root MuiSvgIcon-fontSizeMedium css-1umw9bq-MuiSvgIcon-root"
                    data-testid="KeyboardArrowRightIcon"
                    focusable="false"
                    viewBox="0 0 24 24"
                  >
                    <path
                      d="M8.59 16.34l4.58-4.59-4.58-4.59L10 5.75l6 6-6 6z"
                    />
                  </svg>
                </button>
              </div>
            </div>
          </div>
        </div>
      </div>
      <style
        href="/MuiDataGridVariables-3851315942"
      >
        .MuiDataGridVariables-3851315942{--DataGrid-t-spacing-unit:8px;--DataGrid-t-color-border-base:rgba(224, 224, 224, 1);--DataGrid-t-color-background-base:#fff;--DataGrid-t-color-background-overlay:#fff;--DataGrid-t-color-background-backdrop:rgba(255, 255, 255, 0.38);--DataGrid-t-color-foreground-base:rgba(0, 0, 0, 0.87);--DataGrid-t-color-foreground-muted:rgba(0, 0, 0, 0.6);--DataGrid-t-color-foreground-accent:#1565c0;--DataGrid-t-color-foreground-disabled:rgba(0, 0, 0, 0.38);--DataGrid-t-color-foreground-error:#c62828;--DataGrid-t-color-interactive-hover:rgba(0, 0, 0, 0.04);--DataGrid-t-color-interactive-hover-opacity:0.04;--DataGrid-t-color-interactive-focus:rgba(from #1976d2 r g b / 1);--DataGrid-t-color-interactive-focus-opacity:0.12;--DataGrid-t-color-interactive-disabled:rgba(from rgba(0, 0, 0, 0.26) r g b / 1);--DataGrid-t-color-interactive-disabled-opacity:0.38;--DataGrid-t-color-interactive-selected:#1976d2;--DataGrid-t-color-interactive-selected-opacity:0.08;--DataGrid-t-header-background-base:#fff;--DataGrid-t-cell-background-pinned:#fff;--DataGrid-t-radius-base:4px;--DataGrid-t-typography-font-family-base:"Roboto", "Helvetica", "Arial", sans-serif;--DataGrid-t-typography-font-weight-light:300;--DataGrid-t-typography-font-weight-regular:400;--DataGrid-t-typography-font-weight-medium:500;--DataGrid-t-typography-font-weight-bold:700;--DataGrid-t-typography-font-body:400 0.875rem / 1.43 "Roboto", "Helvetica", "Arial", sans-serif;--DataGrid-t-typography-font-small:400 0.75rem / 1.66 "Roboto", "Helvetica", "Arial", sans-serif;--DataGrid-t-typography-font-large:400 1rem / 1.5 "Roboto", "Helvetica", "Arial", sans-serif;--DataGrid-t-transition-easing-ease-in:cubic-bezier(0.4, 0, 1, 1);--DataGrid-t-transition-easing-ease-out:cubic-bezier(0.0, 0, 0.2, 1);--DataGrid-t-transition-easing-ease-in-out:cubic-bezier(0.4, 0, 0.2, 1);--DataGrid-t-transition-duration-short:200ms;--DataGrid-t-transition-duration-base:250ms;--DataGrid-t-transition-duration-long:300ms;--DataGrid-t-shadow-base:0px 3px 1px -2px rgba(0,0,0,0.2),0px 2px 2px 0px rgba(0,0,0,0.14),0px 1px 5px 0px rgba(0,0,0,0.12);--DataGrid-t-shadow-overlay:0px 5px 5px -3px rgba(0,0,0,0.2),0px 8px 10px 1px rgba(0,0,0,0.14),0px 3px 14px 2px rgba(0,0,0,0.12);--DataGrid-t-z-index-panel:1300;--DataGrid-t-z-index-menu:1300;}
      </style>
    </div>
  </div>
</div>
`;
